// Jest Snapshot v1, https://goo.gl/fbAQLP

exports[`NewExpenseComponent Snapshot tests should render new expense component with conditional fields 1`] = `
"<div>
  <form>
    <div>
      <div><span>Nova despesa</span></div>
      <div>
        <div>
          <div><span>Recibo, cupom ou nota fiscal*</span><svg aria-hidden=\\"true\\" focusable=\\"false\\" data-prefix=\\"fas\\" data-icon=\\"question-circle\\" class=\\"svg-inline--fa fa-question-circle fa-w-16 \\" role=\\"img\\" xmlns=\\"http://www.w3.org/2000/svg\\" viewBox=\\"0 0 512 512\\">
              <path fill=\\"currentColor\\" d=\\"M504 256c0 136.997-111.043 248-248 248S8 392.997 8 256C8 119.083 119.043 8 256 8s248 111.083 248 248zM262.655 90c-54.497 0-89.255 22.957-116.549 63.758-3.536 5.286-2.353 12.415 2.715 16.258l34.699 26.31c5.205 3.947 12.621 3.008 16.665-2.122 17.864-22.658 30.113-35.797 57.303-35.797 20.429 0 45.698 13.148 45.698 32.958 0 14.976-12.363 22.667-32.534 33.976C247.128 238.528 216 254.941 216 296v4c0 6.627 5.373 12 12 12h56c6.627 0 12-5.373 12-12v-1.333c0-28.462 83.186-29.647 83.186-106.667 0-58.002-60.165-102-116.531-102zM256 338c-25.365 0-46 20.635-46 46 0 25.364 20.635 46 46 46s46-20.636 46-46c0-25.365-20.635-46-46-46z\\"></path>
            </svg></div><label for=\\"new-expense__file\\" style=\\"border: 1px dashed black; cursor: pointer;\\">Select file<input id=\\"new-expense__file\\" data-testid=\\"new-expense__file\\" style=\\"display: none;\\" accept=\\".jpg,.png\\" type=\\"file\\"></label><span>A imagem deve estar no formato JPG ou PNG.</span>
        </div>
        <div>
          <div style=\\"display: flex; flex-direction: column;\\"><label for=\\"new-expense__type-selec\\">Tipo<select id=\\"new-expense__type-select\\" data-testid=\\"new-expense__type-select\\" required=\\"\\">
                <option value=\\"\\"></option>
                <option value=\\"hotel-fee\\">Hotel</option>
                <option value=\\"food\\">Alimentação</option>
                <option value=\\"transport\\">Transporte</option>
              </select></label><label for=\\"new-expense__description\\">Descrição da despesa<input required=\\"\\" id=\\"new-expense__description\\" data-testid=\\"new-expense__description\\" value=\\"description\\"></label><label for=\\"new-expense__receipt-date\\">Data do comprovante<input required=\\"\\" id=\\"new-expense__receipt-date\\" data-testid=\\"new-expense__receipt-date\\" type=\\"date\\" min=\\"1900-01-01\\" max=\\"2077-01-01\\" value=\\"2020-10-10\\"></label><label for=\\"new-expense__currency-select\\">Moeda<select required=\\"\\" data-testid=\\"new-expense__currency-select\\" id=\\"new-expense__currency-select\\">
                <option value=\\"\\"></option>
                <option value=\\"BRL\\">BRL</option>
                <option value=\\"USD\\">USD</option>
                <option value=\\"MXN\\">MXN</option>
              </select></label><input id=\\"new-expense__receipt-value\\" data-testid=\\"new-expense__receipt-value\\" type=\\"number\\" min=\\"0\\" required=\\"\\" label=\\"Valor da nota / cupom\\" value=\\"16\\"><input id=\\"new-expense__value-to-be-paid\\" data-testid=\\"new-expense__value-to-be-paid\\" type=\\"number\\" min=\\"0\\" required=\\"\\" label=\\"Valor a ser considerado\\" value=\\"10\\"></div>
        </div>
      </div>
    </div>
    <div>
      <div>
        <div><button id=\\"new-expense__btn-cancel\\" data-testid=\\"new-expense__btn-cancel\\" type=\\"button\\">Cancelar</button></div>
        <div><button id=\\"new-expense__btn-submit\\" data-testid=\\"new-expense__btn-submit\\" type=\\"submit\\">Salvar</button></div>
      </div>
    </div>
  </form>
</div>"
`;

exports[`NewExpenseComponent Snapshot tests should render new expense component without conditional fields 1`] = `
"<div>
  <form>
    <div>
      <div><span>Nova despesa</span></div>
      <div>
        <div>
          <div><span>Recibo, cupom ou nota fiscal*</span><svg aria-hidden=\\"true\\" focusable=\\"false\\" data-prefix=\\"fas\\" data-icon=\\"question-circle\\" class=\\"svg-inline--fa fa-question-circle fa-w-16 \\" role=\\"img\\" xmlns=\\"http://www.w3.org/2000/svg\\" viewBox=\\"0 0 512 512\\">
              <path fill=\\"currentColor\\" d=\\"M504 256c0 136.997-111.043 248-248 248S8 392.997 8 256C8 119.083 119.043 8 256 8s248 111.083 248 248zM262.655 90c-54.497 0-89.255 22.957-116.549 63.758-3.536 5.286-2.353 12.415 2.715 16.258l34.699 26.31c5.205 3.947 12.621 3.008 16.665-2.122 17.864-22.658 30.113-35.797 57.303-35.797 20.429 0 45.698 13.148 45.698 32.958 0 14.976-12.363 22.667-32.534 33.976C247.128 238.528 216 254.941 216 296v4c0 6.627 5.373 12 12 12h56c6.627 0 12-5.373 12-12v-1.333c0-28.462 83.186-29.647 83.186-106.667 0-58.002-60.165-102-116.531-102zM256 338c-25.365 0-46 20.635-46 46 0 25.364 20.635 46 46 46s46-20.636 46-46c0-25.365-20.635-46-46-46z\\"></path>
            </svg></div><label for=\\"new-expense__file\\" style=\\"border: 1px dashed black; cursor: pointer;\\">Select file<input id=\\"new-expense__file\\" data-testid=\\"new-expense__file\\" style=\\"display: none;\\" accept=\\".jpg,.png\\" type=\\"file\\"></label><span>A imagem deve estar no formato JPG ou PNG.</span>
        </div>
        <div>
          <div style=\\"display: flex; flex-direction: column;\\"><label for=\\"new-expense__type-selec\\">Tipo<select id=\\"new-expense__type-select\\" data-testid=\\"new-expense__type-select\\" required=\\"\\">
                <option value=\\"\\"></option>
                <option value=\\"hotel-fee\\">Hotel</option>
                <option value=\\"food\\">Alimentação</option>
                <option value=\\"transport\\">Transporte</option>
              </select></label><label for=\\"new-expense__description\\">Descrição da despesa<input required=\\"\\" id=\\"new-expense__description\\" data-testid=\\"new-expense__description\\" value=\\"description\\"></label><label for=\\"new-expense__receipt-date\\">Data do comprovante<input required=\\"\\" id=\\"new-expense__receipt-date\\" data-testid=\\"new-expense__receipt-date\\" type=\\"date\\" min=\\"1900-01-01\\" max=\\"2077-01-01\\" value=\\"2020-10-10\\"></label><label for=\\"new-expense__currency-select\\">Moeda<select required=\\"\\" data-testid=\\"new-expense__currency-select\\" id=\\"new-expense__currency-select\\">
                <option value=\\"\\"></option>
                <option value=\\"BRL\\">BRL</option>
                <option value=\\"USD\\">USD</option>
                <option value=\\"MXN\\">MXN</option>
              </select></label></div>
        </div>
      </div>
    </div>
    <div>
      <div>
        <div><button id=\\"new-expense__btn-cancel\\" data-testid=\\"new-expense__btn-cancel\\" type=\\"button\\">Cancelar</button></div>
        <div><button id=\\"new-expense__btn-submit\\" data-testid=\\"new-expense__btn-submit\\" type=\\"submit\\">Salvar</button></div>
      </div>
    </div>
  </form>
</div>"
`;
